[
	[
		'id' => 3,
		'name' => 'Santa Claus',
		'age' => 12,
		'address' => 'New York',
	],
]
