[
	[
		'id' => 1,
		'name' => 'John Doe',
		'age' => 30,
		'address' => 'Blue Village 1',
	],
	[
		'id' => 8,
		'name' => 'Jude Law',
		'age' => 8,
		'address' => 'Lubababa 5',
	],
	[
		'id' => 30,
		'name' => 'Jackie Blue',
		'age' => 80,
		'address' => 'Prague 678',
	],
]
